Microchip MPLAB XC8 Compiler V2.46

Linker command line:

-W-3 \
  --edf=C:\Program Files\Microchip\xc8\v2.46\pic\dat\20240104201356_en.msgs \
  -cn -h+dist/default/production\WASHING-MACHINE_mrb.X.production.sym \
  --cmf=dist/default/production\WASHING-MACHINE_mrb.X.production.cmf -z \
  -Q16F877A -oC:\Users\nirma\AppData\Local\Temp\xcAsqq8.\driver_tmp_3.o \
  --defsym=__MPLAB_BUILD=1 --fixupoverflow=error \
  -Mdist/default/production/WASHING-MACHINE_mrb.X.production.map \
  --md=C:\Users\nirma\AppData\Local\Temp\xcAsqq8.\driver_tmp_0.dat -E1 \
  -ver=XC8 Compiler --acfsm=1493 -ACODE=00h-07FFhx4 -ASTRCODE=00h-01FFFh \
  -ASTRING=00h-0FFhx32 -ACONST=00h-0FFhx32 -AENTRY=00h-0FFhx32 \
  -ACOMMON=070h-07Fh -ABANK0=020h-06Fh -ABANK1=0A0h-0EFh \
  -ABANK2=0110h-016Fh -ABANK3=0190h-01EFh \
  -ARAM=020h-06Fh,0A0h-0EFh,0110h-016Fh,0190h-01EFh \
  -AABS1=020h-07Fh,0A0h-0EFh,0110h-016Fh,0190h-01EFh -ASFR0=00h-01Fh \
  -ASFR1=080h-09Fh -ASFR2=0100h-010Fh -ASFR3=0180h-018Fh \
  -ACONFIG=02007h-02007h -DCONFIG=2 -AIDLOC=02000h-02003h -DIDLOC=2 \
  -AEEDATA=00h-0FFh/02100h -peeprom_data=EEDATA -DEEDATA=2 -DCODE=2 \
  -DSTRCODE=2 -DSTRING=2 -DCONST=2 -DENTRY=2 \
  -preset_vec=00h,intentry=04h,sivt,init,end_init -ppowerup=CODE \
  -pcinit=CODE -pfunctab=ENTRY -k \
  C:\Users\nirma\AppData\Local\Temp\xcAsqq8.\driver_tmp_12.o \
  dist/default/production\WASHING-MACHINE_mrb.X.production.o 

Object code version is 3.11

Machine type is 16F877A



                Name                               Link     Load   Length Selector   Space Scale
C:\Users\nirma\AppData\Local\Temp\xcAsqq8.\driver_tmp_12.o
                end_init                              C        C        3        8       0
                reset_vec                             0        0        3        0       0
                config                             2007     2007        1        0       4
dist/default/production\WASHING-MACHINE_mrb.X.production.o
                cinit                                 F        F       3B        8       0
                intentry                              4        4        8        8       0
                config                             2007     2007        1        0       4
                text27                             1661     1661       3A     2CC2       0
                text26                             157E     157E       20     2AFC       0
                text25                              800      800       53     1000       0
                text24                             1524     1524        B     2A48       0
                text23                              7F8      7F8        6        8       0
                text22                             151B     151B        9     2A36       0
                text21                             1564     1564       1A     2AC8       0
                text20                             1632     1632       2F     2C64       0
                text19                             154F     154F       15     2A9E       0
                text18                             152F     152F        D     2A5E       0
                text17                             16F1     16F1       57     2DE2       0
                text16                             17A1     17A1       5F     2F42       0
                text15                              853      853       67     10A6       0
                text14                             1748     1748       59     2E90       0
                text13                              932      932       A4     1264       0
                text12                             1609     1609       29     2C12       0
                text11                              3F9      3F9      345        8       0
                text10                              DA8      DA8      258     1B50       0
                text9                              15C0     15C0       24     2B80       0
                text8                               8BA      8BA       78     1174       0
                text7                              15E4     15E4       25     2BC8       0
                text6                               73E      73E       BA        8       0
                text5                              169B     169B       56     2D36       0
                text4                                4A       4A      3AF        8       0
                text3                               9D6      9D6       E2     13AC       0
                text2                               AB8      AB8       F6     1570       0
                text1                               BAE      BAE       F6     175C       0
                maintext                            CA4      CA4      104     1948       0
                cstackBANK0                          20       20       41       20       1
                cstackCOMMON                         70       70        A       70       1
                inittext                           153C     153C       13     2A78       0
                dataBANK1                            A0       A0       22       A0       1
                bssBANK1                             C2       C2        A       A0       1
                dataBANK0                            6D       6D        3       20       1
                bssBANK0                             61       61        C       20       1
                bssCOMMON                            7A       7A        2       70       1
                stringtext                         1000     1000      169       20       0
                strings                            1169     1169       12     22D2       0
                idataBANK1                         159E     159E       22     2B3C       0
                idataBANK0                         1518     1518        3     2A30       0

TOTAL           Name                               Link     Load   Length     Space
        CLASS   CODE           
                end_init                              C        C        3         0
                cinit                                 F        F       3B         0
                intentry                              4        4        8         0
                reset_vec                             0        0        3         0
                text27                             1661     1661       3A         0
                text26                             157E     157E       20         0
                text25                              800      800       53         0
                text24                             1524     1524        B         0
                text23                              7F8      7F8        6         0
                text22                             151B     151B        9         0
                text21                             1564     1564       1A         0
                text20                             1632     1632       2F         0
                text19                             154F     154F       15         0
                text18                             152F     152F        D         0
                text17                             16F1     16F1       57         0
                text16                             17A1     17A1       5F         0
                text15                              853      853       67         0
                text14                             1748     1748       59         0
                text13                              932      932       A4         0
                text12                             1609     1609       29         0
                text11                              3F9      3F9      345         0
                text10                              DA8      DA8      258         0
                text9                              15C0     15C0       24         0
                text8                               8BA      8BA       78         0
                text7                              15E4     15E4       25         0
                text6                               73E      73E       BA         0
                text5                              169B     169B       56         0
                text4                                4A       4A      3AF         0
                text3                               9D6      9D6       E2         0
                text2                               AB8      AB8       F6         0
                text1                               BAE      BAE       F6         0
                maintext                            CA4      CA4      104         0
                inittext                           153C     153C       13         0
                idataBANK1                         159E     159E       22         0
                idataBANK0                         1518     1518        3         0

        CLASS   STRCODE        
                stringtext                         1000     1000      169         0

        CLASS   STRING         
                strings                            1169     1169       12         0

        CLASS   CONST          

        CLASS   ENTRY          

        CLASS   COMMON         
                cstackCOMMON                         70       70        A         1
                bssCOMMON                            7A       7A        2         1

        CLASS   BANK0          
                cstackBANK0                          20       20       41         1
                dataBANK0                            6D       6D        3         1
                bssBANK0                             61       61        C         1

        CLASS   BANK1          
                dataBANK1                            A0       A0       22         1
                bssBANK1                             C2       C2        A         1

        CLASS   BANK2          

        CLASS   BANK3          

        CLASS   RAM            

        CLASS   ABS1           
                abs_s1                               7E       7E        2         1

        CLASS   SFR0           

        CLASS   SFR1           

        CLASS   SFR2           

        CLASS   SFR3           

        CLASS   CONFIG         
                config                             2007     2007        1         4

        CLASS   IDLOC          

        CLASS   EEDATA         

        CLASS   HEAP           

        CLASS   STACK          



SEGMENTS        Name                           Load    Length   Top    Selector   Space  Class     Delta

                reset_vec                      000000  000003  000003         0       0  CODE        2
                intentry                       000004  0007FA  0007FE         8       0  CODE        2
                cstackBANK0                    000020  000050  000070        20       1  BANK0       1
                cstackCOMMON                   000070  00000C  00007C        70       1  COMMON      1
                dataBANK1                      0000A0  00002C  0000CC        A0       1  BANK1       1
                text25                         000800  000053  000853      1000       0  CODE        2
                text15                         000853  000067  0008BA      10A6       0  CODE        2
                text8                          0008BA  000078  000932      1174       0  CODE        2
                text13                         000932  0000A4  0009D6      1264       0  CODE        2
                text3                          0009D6  0000E2  000AB8      13AC       0  CODE        2
                text2                          000AB8  0000F6  000BAE      1570       0  CODE        2
                text1                          000BAE  0000F6  000CA4      175C       0  CODE        2
                maintext                       000CA4  000104  000DA8      1948       0  CODE        2
                text10                         000DA8  000258  001000      1B50       0  CODE        2
                stringtext                     001000  000169  001169        20       0  STRCODE     2
                strings                        001169  000012  00117B      22D2       0  STRING      2
                idataBANK0                     001518  000003  00151B      2A30       0  CODE        2
                text22                         00151B  000009  001524      2A36       0  CODE        2
                text24                         001524  00000B  00152F      2A48       0  CODE        2
                text18                         00152F  00000D  00153C      2A5E       0  CODE        2
                inittext                       00153C  000013  00154F      2A78       0  CODE        2
                text19                         00154F  000015  001564      2A9E       0  CODE        2
                text21                         001564  00001A  00157E      2AC8       0  CODE        2
                text26                         00157E  000020  00159E      2AFC       0  CODE        2
                idataBANK1                     00159E  000022  0015C0      2B3C       0  CODE        2
                text9                          0015C0  000024  0015E4      2B80       0  CODE        2
                text7                          0015E4  000025  001609      2BC8       0  CODE        2
                text12                         001609  000029  001632      2C12       0  CODE        2
                text20                         001632  00002F  001661      2C64       0  CODE        2
                text27                         001661  00003A  00169B      2CC2       0  CODE        2
                text5                          00169B  000056  0016F1      2D36       0  CODE        2
                text17                         0016F1  000057  001748      2DE2       0  CODE        2
                text14                         001748  000059  0017A1      2E90       0  CODE        2
                text16                         0017A1  00005F  001800      2F42       0  CODE        2


UNUSED ADDRESS RANGES

        Name                Unused          Largest block    Delta
        BANK1            00CC-00EF             24           1
        BANK2            0110-016F             60           1
        BANK3            0190-01EF             60           1
        CODE             0003-0003              1           2
                         07FE-07FF              2
                         117B-1517            39D
                         1800-1FFF            800
        COMMON           007C-007D              2           1
        CONST            0003-0003              1           2
                         07FE-07FF              2
                         117B-1517            100
                         1800-1FFF            100
        EEDATA           2100-21FF            100           2
        ENTRY            0003-0003              1           2
                         07FE-07FF              2
                         117B-1517            100
                         1800-1FFF            100
        IDLOC            2000-2003              4           2
        RAM              00CC-00EF             24           1
                         0110-016F             60
                         0190-01EF             60
        SFR0             0000-001F             20           1
        SFR1             0080-009F             20           1
        SFR2             0100-010F             10           1
        SFR3             0180-018F             10           1
        STRCODE          0003-0003              1           2
                         07FE-07FF              2
                         117B-1517            39D
                         1800-1FFF            800
        STRING           0003-0003              1           2
                         07FE-07FF              2
                         117B-1517            100
                         1800-1FFF            100

                                  Symbol Table

?__Umul8_16                      cstackCOMMON 0072
?___awdiv                        cstackCOMMON 0072
?___awmod                        cstackCOMMON 0072
?___fladd                        cstackCOMMON 0072
?___flmul                        cstackBANK0  0026
?___flsub                        cstackBANK0  0040
?___fltol                        cstackBANK0  0040
?___wmul                         cstackCOMMON 0072
?___xxtofl                       cstackCOMMON 0072
_GIE                             (abs)        005F
_PEIE                            (abs)        005E
_PORTB                           (abs)        0006
_PORTD                           (abs)        0008
_PR2                             (abs)        0092
_RB0                             (abs)        0030
_RC1                             (abs)        0039
_RC2                             (abs)        003A
_RE1                             (abs)        0049
_RE2                             (abs)        004A
_TMR2IE                          (abs)        0461
_TMR2IF                          (abs)        0061
_TMR2ON                          (abs)        0092
_TRISB                           (abs)        0086
_TRISC1                          (abs)        0439
_TRISC2                          (abs)        043A
_TRISD                           (abs)        0088
_TRISE1                          (abs)        0449
_TRISE2                          (abs)        044A
__H__absolute__                  __absolute__ 0000
__Habs1                          abs1         0000
__Hbank0                         bank0        0000
__Hbank1                         bank1        0000
__Hbank2                         bank2        0000
__Hbank3                         bank3        0000
__HbssBANK0                      bssBANK0     0000
__HbssBANK1                      bssBANK1     0000
__HbssCOMMON                     bssCOMMON    0000
__Hcinit                         cinit        004A
__Hclrtext                       clrtext      0000
__Hcode                          code         0000
__Hcommon                        common       0000
__Hconfig                        config       2008
__HcstackBANK0                   cstackBANK0  0000
__HcstackCOMMON                  cstackCOMMON 0000
__HdataBANK0                     dataBANK0    0000
__HdataBANK1                     dataBANK1    0000
__Heeprom_data                   eeprom_data  0000
__Hend_init                      end_init     000F
__Hfunctab                       functab      0000
__Hheap                          heap         0000
__HidataBANK0                    idataBANK0   0000
__HidataBANK1                    idataBANK1   0000
__Hinit                          init         000C
__Hinittext                      inittext     0000
__Hintentry                      intentry     000C
__Hmaintext                      maintext     0000
__Hpowerup                       powerup      0000
__Hram                           ram          0000
__Hreset_vec                     reset_vec    0003
__Hsfr0                          sfr0         0000
__Hsfr1                          sfr1         0000
__Hsfr2                          sfr2         0000
__Hsfr3                          sfr3         0000
__Hsivt                          sivt         000C
__Hspace_0                       (abs)        1800
__Hspace_1                       (abs)        00CC
__Hspace_2                       (abs)        0000
__Hspace_3                       (abs)        0000
__Hspace_4                       (abs)        400F
__Hstack                         stack        0000
__Hstrings                       strings      0000
__Hstringtext                    stringtext   0000
__Htext                          text         0000
__L__absolute__                  __absolute__ 0000
__Labs1                          abs1         0000
__Lbank0                         bank0        0000
__Lbank1                         bank1        0000
__Lbank2                         bank2        0000
__Lbank3                         bank3        0000
__LbssBANK0                      bssBANK0     0000
__LbssBANK1                      bssBANK1     0000
__LbssCOMMON                     bssCOMMON    0000
__Lcinit                         cinit        000F
__Lclrtext                       clrtext      0000
__Lcode                          code         0000
__Lcommon                        common       0000
__Lconfig                        config       0000
__LcstackBANK0                   cstackBANK0  0000
__LcstackCOMMON                  cstackCOMMON 0000
__LdataBANK0                     dataBANK0    0000
__LdataBANK1                     dataBANK1    0000
__Leeprom_data                   eeprom_data  0000
__Lend_init                      end_init     000C
__Lfunctab                       functab      0000
__Lheap                          heap         0000
__LidataBANK0                    idataBANK0   0000
__LidataBANK1                    idataBANK1   0000
__Linit                          init         000C
__Linittext                      inittext     0000
__Lintentry                      intentry     0004
__Lmaintext                      maintext     0000
__Lpowerup                       powerup      0000
__Lram                           ram          0000
__Lreset_vec                     reset_vec    0000
__Lsfr0                          sfr0         0000
__Lsfr1                          sfr1         0000
__Lsfr2                          sfr2         0000
__Lsfr3                          sfr3         0000
__Lsivt                          sivt         000C
__Lspace_0                       (abs)        0000
__Lspace_1                       (abs)        0000
__Lspace_2                       (abs)        0000
__Lspace_3                       (abs)        0000
__Lspace_4                       (abs)        0000
__Lstack                         stack        0000
__Lstrings                       strings      0000
__Lstringtext                    stringtext   0000
__Ltext                          text         0000
__S0                             (abs)        1800
__S1                             (abs)        00CC
__S3                             (abs)        0000
__Umul8_16                       text12       1609
__Umul8_16@multiplicand          cstackCOMMON 0072
__Umul8_16@multiplier            cstackBANK0  0024
__Umul8_16@product               cstackBANK0  0020
__Umul8_16@word_mpld             cstackBANK0  0022
___awdiv                         text15       0853
___awdiv@counter                 cstackCOMMON 0076
___awdiv@dividend                cstackCOMMON 0074
___awdiv@divisor                 cstackCOMMON 0072
___awdiv@quotient                cstackCOMMON 0078
___awdiv@sign                    cstackCOMMON 0077
___awmod                         text14       1748
___awmod@counter                 cstackCOMMON 0076
___awmod@dividend                cstackCOMMON 0074
___awmod@divisor                 cstackCOMMON 0072
___awmod@sign                    cstackCOMMON 0077
___fladd                         text10       0DA8
___fladd@a                       cstackCOMMON 0076
___fladd@aexp                    cstackBANK0  0029
___fladd@b                       cstackCOMMON 0072
___fladd@bexp                    cstackBANK0  002A
___fladd@grs                     cstackBANK0  002B
___fladd@signs                   cstackBANK0  0028
___flge                          text13       0932
___flge@ff1                      cstackBANK0  0048
___flge@ff2                      cstackBANK0  004C
___flmul                         text11       03F9
___flmul@a                       cstackBANK0  002A
___flmul@aexp                    cstackBANK0  0034
___flmul@b                       cstackBANK0  0026
___flmul@bexp                    cstackBANK0  0039
___flmul@grs                     cstackBANK0  0035
___flmul@prod                    cstackBANK0  003A
___flmul@sign                    cstackBANK0  0033
___flmul@temp                    cstackBANK0  003E
___flsub                         text9        15C0
___flsub@a                       cstackBANK0  0040
___flsub@b                       cstackBANK0  0044
___fltol                         text8        08BA
___fltol@exp1                    cstackBANK0  0049
___fltol@f1                      cstackBANK0  0040
___fltol@sign1                   cstackBANK0  0048
___heap_hi                       (abs)        0000
___heap_lo                       (abs)        0000
___int_sp                        stack        0000
___int_stack_hi                  stack        0000
___int_stack_lo                  stack        0000
___latbits                       (abs)        0002
___sp                            stack        0000
___stack_hi                      stack        0000
___stack_lo                      stack        0000
___stackhi                       (abs)        0000
___stacklo                       (abs)        0000
___wmul                          text7        15E4
___wmul@multiplicand             cstackCOMMON 0074
___wmul@multiplier               cstackCOMMON 0072
___wmul@product                  cstackCOMMON 0076
___xxtofl                        text6        073E
___xxtofl@arg                    cstackBANK0  0022
___xxtofl@exp                    cstackBANK0  0021
___xxtofl@sign                   cstackBANK0  0020
___xxtofl@val                    cstackCOMMON 0072
__end_of__Umul8_16               text12       1632
__end_of___awdiv                 text15       08BA
__end_of___awmod                 text14       17A1
__end_of___fladd                 text10       1000
__end_of___flge                  text13       09D6
__end_of___flmul                 text11       073E
__end_of___flsub                 text9        15E4
__end_of___fltol                 text8        0932
__end_of___wmul                  text7        1609
__end_of___xxtofl                text6        07F8
__end_of__initialization         cinit        0046
__end_of__stringtab              strings      117B
__end_of_clcd_print              text20       1661
__end_of_clcd_putch              text19       1564
__end_of_clcd_write              text26       159E
__end_of_clear_screen            text18       153C
__end_of_door_status_check       text5        16F1
__end_of_init_clcd               text24       152F
__end_of_init_config             text21       157E
__end_of_init_digital_keypad     text23       07FE
__end_of_init_display_controller text25       0853
__end_of_init_timer2             text22       1524
__end_of_isr                     text27       169B
__end_of_main                    maintext     0DA8
__end_of_power_on_screen         text17       1748
__end_of_read_digital_keypad     text16       1800
__end_of_run_program             text4        03F9
__end_of_set_time                text3        0AB8
__end_of_washing_program_display text2        0BAE
__end_of_water_level_display     text1        0CA4
__initialization                 cinit        000F
__pbssBANK0                      bssBANK0     0061
__pbssBANK1                      bssBANK1     00C2
__pbssCOMMON                     bssCOMMON    007A
__pcstackBANK0                   cstackBANK0  0020
__pcstackCOMMON                  cstackCOMMON 0070
__pdataBANK0                     dataBANK0    006D
__pdataBANK1                     dataBANK1    00A0
__pidataBANK0                    idataBANK0   1518
__pidataBANK1                    idataBANK1   159E
__pintentry                      intentry     0004
__pmaintext                      maintext     0CA4
__pstrings                       strings      1169
__pstringtext                    stringtext   1000
__ptext1                         text1        0BAE
__ptext10                        text10       0DA8
__ptext11                        text11       03F9
__ptext12                        text12       1609
__ptext13                        text13       0932
__ptext14                        text14       1748
__ptext15                        text15       0853
__ptext16                        text16       17A1
__ptext17                        text17       16F1
__ptext18                        text18       152F
__ptext19                        text19       154F
__ptext2                         text2        0AB8
__ptext20                        text20       1632
__ptext21                        text21       1564
__ptext22                        text22       151B
__ptext23                        text23       07F8
__ptext24                        text24       1524
__ptext25                        text25       0800
__ptext26                        text26       157E
__ptext27                        text27       1661
__ptext3                         text3        09D6
__ptext4                         text4        004A
__ptext5                         text5        169B
__ptext6                         text6        073E
__ptext7                         text7        15E4
__ptext8                         text8        08BA
__ptext9                         text9        15C0
__stringbase                     strings      117B
__stringtab                      strings      1169
_clcd_print                      text20       1632
_clcd_putch                      text19       154F
_clcd_write                      text26       157E
_clear_screen                    text18       152F
_door_status_check               text5        169B
_init_clcd                       text24       1524
_init_config                     text21       1564
_init_digital_keypad             text23       07F8
_init_display_controller         text25       0800
_init_timer2                     text22       151B
_isr                             text27       1661
_main                            maintext     0CA4
_min                             bssBANK0     006C
_operation_mode                  dataBANK0    006F
_power_on_screen                 text17       16F1
_program_no                      bssCOMMON    007B
_read_digital_keypad             text16       17A1
_reset_mode                      dataBANK0    006E
_run_program                     text4        004A
_sec                             bssBANK0     006B
_set_time                        text3        09D6
_washing_prog                    dataBANK1    00A0
_washing_program_display         text2        0AB8
_water_level_display             text1        0BAE
_water_level_index               bssCOMMON    007A
_water_level_option              dataBANK1    00B8
btemp                            (abs)        007E
clcd_print@addr                  cstackCOMMON 0078
clcd_print@str                   cstackCOMMON 0076
clcd_putch@addr                  cstackBANK0  0020
clcd_putch@data                  cstackBANK0  0021
clcd_write@byte                  cstackCOMMON 0075
clcd_write@mode                  cstackCOMMON 0072
end_of_initialization            cinit        0046
init_fetch0                      inittext     153C
init_ram0                        inittext     1540
interrupt_function               intentry     0004
intlevel0                        functab      0000
intlevel1                        functab      0000
intlevel2                        functab      0000
intlevel3                        functab      0000
intlevel4                        functab      0000
intlevel5                        functab      0000
isr@count                        bssBANK1     00C2
main@key                         cstackBANK0  0060
main@wait                        cstackBANK0  005C
main@wait_136                    cstackBANK0  005E
power_on_screen@i                cstackBANK0  0024
power_on_screen@i_144            cstackBANK0  0025
read_digital_keypad@longpress    bssBANK0     006A
read_digital_keypad@mode         cstackCOMMON 0073
read_digital_keypad@once         dataBANK0    006D
read_digital_keypad@prev_key     bssBANK0     0069
reset_vec                        reset_vec    0000
run_program@key                  cstackBANK0  005B
run_program@rinse_time           bssBANK0     0061
run_program@spin_time            bssBANK1     00C4
run_program@time                 bssBANK0     0065
run_program@total_time           bssBANK0     0067
run_program@wash_time            bssBANK0     0063
saved_w                          (abs)        007E
start                            init         000C
start_initialization             cinit        000F
washing_program_display@key      cstackBANK0  0024
water_level_display@key          cstackBANK0  0024
wtemp0                           (abs)        007E


MODULE INFORMATION

Module		Function		Class		Link	Load	Size
C:\Program Files\Microchip\xc8\v2.46\pic\sources\c99\common\fltol.c
		___fltol       		CODE           	08BA	0000	120

C:\Program Files\Microchip\xc8\v2.46\pic\sources\c99\common\fltol.c estimated size: 120

C:\Program Files\Microchip\xc8\v2.46\pic\sources\c99\common\Umul8_16.c
		__Umul8_16     		CODE           	1609	0000	41

C:\Program Files\Microchip\xc8\v2.46\pic\sources\c99\common\Umul8_16.c estimated size: 41

timers.c
		_init_timer2   		CODE           	151B	0000	9

timers.c estimated size: 9

digital_keypad.c
		_init_digital_keypad		CODE           	07F8	0000	6
		_read_digital_keypad		CODE           	17A1	0000	95

digital_keypad.c estimated size: 101

C:\Program Files\Microchip\xc8\v2.46\pic\sources\c99\common\awdiv.c
		___awdiv       		CODE           	0853	0000	103

C:\Program Files\Microchip\xc8\v2.46\pic\sources\c99\common\awdiv.c estimated size: 103

C:\Program Files\Microchip\xc8\v2.46\pic\sources\c99\common\xxtofl.c
		___xxtofl      		CODE           	073E	0000	186

C:\Program Files\Microchip\xc8\v2.46\pic\sources\c99\common\xxtofl.c estimated size: 186

C:\Program Files\Microchip\xc8\v2.46\pic\sources\c99\common\sprcmul.c
		___flmul       		CODE           	03F9	0000	837

C:\Program Files\Microchip\xc8\v2.46\pic\sources\c99\common\sprcmul.c estimated size: 837

isr.c
		_isr           		CODE           	1661	0000	58

isr.c estimated size: 58

shared
		__stringtab    		STRING         	1169	0000	18
		__initialization		CODE           	000F	0000	55

shared estimated size: 73

C:\Program Files\Microchip\xc8\v2.46\pic\sources\c99\common\Umul16.c
		___wmul        		CODE           	15E4	0000	37

C:\Program Files\Microchip\xc8\v2.46\pic\sources\c99\common\Umul16.c estimated size: 37

clcd.c
		_clcd_write    		CODE           	157E	0000	32
		_clear_screen  		CODE           	152F	0000	13
		_clcd_print    		CODE           	1632	0000	47
		_clcd_putch    		CODE           	154F	0000	21
		_init_display_controller		CODE           	0800	0000	83
		_init_clcd     		CODE           	1524	0000	11

clcd.c estimated size: 207

C:\Program Files\Microchip\xc8\v2.46\pic\sources\c99\common\sprcadd.c
		___flsub       		CODE           	15C0	0000	36
		___fladd       		CODE           	0DA8	0000	600

C:\Program Files\Microchip\xc8\v2.46\pic\sources\c99\common\sprcadd.c estimated size: 636

C:\Program Files\Microchip\xc8\v2.46\pic\sources\c99\common\awmod.c
		___awmod       		CODE           	1748	0000	89

C:\Program Files\Microchip\xc8\v2.46\pic\sources\c99\common\awmod.c estimated size: 89

main.c
		_door_status_check		CODE           	169B	0000	86
		_washing_program_display		CODE           	0AB8	0000	246
		_main          		CODE           	0CA4	0000	260
		_water_level_display		CODE           	0BAE	0000	246
		_run_program   		CODE           	004A	0000	943
		_power_on_screen		CODE           	16F1	0000	87
		_set_time      		CODE           	09D6	0000	226
		_init_config   		CODE           	1564	0000	26

main.c estimated size: 2120

C:\Program Files\Microchip\xc8\v2.46\pic\sources\c99\common\flge.c
		___flge        		CODE           	0932	0000	164

C:\Program Files\Microchip\xc8\v2.46\pic\sources\c99\common\flge.c estimated size: 164

